0
post
after
1
post
after
2
post
after
3
post
after
4
post
after
