line one
line two
"line".${PATH}.\'three\'\xline four
