<a:s p  aces:b:c:and	tabs
 and newlines>
<a s p  aces b c and	tabs
 and newlines>
