a/b a/c
a/b a/c
a/b a/c
foo*[/crazy foo*[/weird foo*[/wild
foo*[/weird foo*[/wild
