an escaped \[bracket]
should \ work just fine
exit $?
