0 open
1 open
2 open
3 closed
4 closed
5 closed
6 closed
7 closed
8 closed
9 closed
10 closed
11 closed
12 closed
13 closed
14 closed
15 closed
16 closed
17 closed
18 closed
19 closed
20 closed
0 open 1 open 2 open 3 closed 4 closed 5 closed 6 closed 7 closed 8 closed 9 closed 10 closed 11 closed 12 closed 13 closed 14 closed 15 closed 16 closed 17 closed 18 closed 19 closed 20 closed
